// Jest Snapshot v1, https://goo.gl/fbAQLP

exports[`Home renders a heading 1`] = `
<div>
  <h1>
    Home Page!
  </h1>
  <a
    href="/login"
  >
    Login
  </a>
  <a
    href="/signup"
  >
    Signup
  </a>
</div>
`;
